// Jest Snapshot v1, https://goo.gl/fbAQLP

exports[`CommentCard test suit if it renders without crash 1`] = `
<div
  className="MuiContainer-root MuiContainer-maxWidthXs css-nzinn5-MuiContainer-root"
  style={
    {
      "margin": "auto",
      "padding": "2px",
    }
  }
>
  <button
    className="MuiButtonBase-root MuiCardActionArea-root css-b6lsxj-MuiButtonBase-root-MuiCardActionArea-root"
    disabled={false}
    onBlur={[Function]}
    onContextMenu={[Function]}
    onDragLeave={[Function]}
    onFocus={[Function]}
    onKeyDown={[Function]}
    onKeyUp={[Function]}
    onMouseDown={[Function]}
    onMouseLeave={[Function]}
    onMouseUp={[Function]}
    onTouchEnd={[Function]}
    onTouchMove={[Function]}
    onTouchStart={[Function]}
    tabIndex={0}
    type="button"
  >
    <a
      href="/2"
      onClick={[Function]}
      style={
        {
          "textDecoration": "none",
        }
      }
    >
      <div
        className="MuiPaper-root MuiPaper-elevation MuiPaper-rounded MuiPaper-elevation8 css-1qz17ui-MuiPaper-root"
        style={
          {
            "backgroundColor": "#C6EBEB",
            "border": "1px solid lightgray",
            "padding": "10px 10px",
          }
        }
      >
        <div
          className="MuiGrid-root MuiGrid-container MuiGrid-spacing-xs-2 css-mhc70k-MuiGrid-root"
        >
          <div
            className="MuiGrid-root MuiGrid-item css-13i4rnv-MuiGrid-root"
          >
            <div
              className="MuiAvatar-root MuiAvatar-circular css-1wlk0hk-MuiAvatar-root"
            >
              <img
                alt="Avatar"
                className="MuiAvatar-img css-1pqm26d-MuiAvatar-img"
                src="test-file-stub"
              />
            </div>
          </div>
          <div
            className="MuiGrid-root MuiGrid-item MuiGrid-zeroMinWidth MuiGrid-grid-xs-true css-114cq88-MuiGrid-root"
          >
            <h4
              style={
                {
                  "color": "#192F52",
                  "margin": "5px",
                  "padding": "5px 0",
                  "textAlign": "left",
                }
              }
            >
              <b>
                asdasda
              </b>
            </h4>
            <em
              style={
                {
                  "color": "#192F52",
                  "padding": "5px",
                }
              }
            >
              “
              this is comentario
              ”
            </em>
            <p
              style={
                {
                  "color": "gray",
                  "textAlign": "right",
                }
              }
            >
              email
            </p>
          </div>
        </div>
      </div>
    </a>
    <span
      className="MuiCardActionArea-focusHighlight css-1v2exvi-MuiCardActionArea-focusHighlight"
    />
  </button>
</div>
`;
